
========================================================
🚀 [AUTONOMOUS DAEMON] STARTING CYCLE: 2026-09-25T17:03:28.603792
📁 BATCH DIRECTORY: C:\Users\aalok\omniviral-ai\output\daily_batches\2026-09-25
========================================================

⚡ [DAEMON STEP 1/3] Executing 20-Agent Revenue Swarm...
================================================================
  🚀 OMNIVIRAL AI: LAUNCHING 20 AUTONOMOUS AGENT SWARM WORKERS  
================================================================
[*] Initializing SQLite Database & Memory Registers...
[*] Spawning 20 concurrent agent threads...

  [✓] Agent Worker #02 [TrendHunter      ]: Identified High-Velocity Trend: 'faceless youtube channel niche ideas 2026'...
  [✓] Agent Worker #04 [TrendHunter      ]: Identified High-Velocity Trend: 'gumroad vs lemonsqueezy for selling prompt...
  [✓] Agent Worker #20 [RevenueOptimizer ]: Optimization Complete: High-Ticket Upsell Funnel -> Staged automated checko...
  [✓] Agent Worker #19 [RevenueOptimizer ]: Optimization Complete: Churn Reduction & Credit Burn -> Implemented automat...
  [✓] Agent Worker #16 [LeadOutreach     ]: Discovered high-intent lead: Elena Rostova (LinkedIn / IG) - Formatted cust...
  [✓] Agent Worker #07 [ContentFactory   ]: Generated complete viral video asset pack for 'Why 99% of creators fail at ...
  [✓] Agent Worker #15 [LeadOutreach     ]: Discovered high-intent lead: Rohan Sharma (YouTube / Seekho) - Formatted cu...
  [✓] Agent Worker #12 [DigitalProduct   ]: Synthesized & staged digital product: 'Bug Bounty Recon & Attack Surface Ch...
  [✓] Agent Worker #06 [ContentFactory   ]: Generated complete viral video asset pack for 'The secret bug bounty method...
  [✓] Agent Worker #10 [DigitalProduct   ]: Synthesized & staged digital product: 'Micro-SaaS & Agency Operating System...
  [✓] Agent Worker #05 [ContentFactory   ]: Generated complete viral video asset pack for 'How to build a 6-figure AI v...
  [✓] Agent Worker #09 [DigitalProduct   ]: Synthesized & staged digital product: 'The 100k Followers AI Instagram Reel...
  [✓] Agent Worker #01 [TrendHunter      ]: Identified High-Velocity Trend: 'automate instagram reels with python' (CPC...
  [✓] Agent Worker #08 [ContentFactory   ]: Generated complete viral video asset pack for 'The 3 AI tools that will mak...
  [✓] Agent Worker #03 [TrendHunter      ]: Identified High-Velocity Trend: 'finding high severity idor vulnerabilities...
  [✓] Agent Worker #13 [LeadOutreach     ]: Discovered high-intent lead: Sarah Jenkins (Instagram / TikTok) - Formatted...
  [✓] Agent Worker #17 [RevenueOptimizer ]: Optimization Complete: Pricing Elasticity Model -> A/B testing $19 vs $29 s...
  [✓] Agent Worker #18 [RevenueOptimizer ]: Optimization Complete: Affiliate Commission Engine -> Configured 30% recurr...
  [✓] Agent Worker #11 [DigitalProduct   ]: Synthesized & staged digital product: 'Seekho & Udemy Fast-Track AI Course ...
  [✓] Agent Worker #14 [LeadOutreach     ]: Discovered high-intent lead: Alex Rivera (Twitter / X) - Formatted custom p...

================================================================
  ✨ 20/20 AGENTS COMPLETED ALL TASKS SUCCESSFULLY IN 0.83s
  📊 All insights, content packs, leads & products synced to DB
================================================================

🎙️ [DAEMON STEP 2/3] Generating Daily 3-Pack for @ai_hunt...
✓ Saved @ai_hunt pack to: C:\Users\aalok\omniviral-ai\output\daily_batches\2026-09-25\ai_hunt_content_pack.json

🎬 [DAEMON STEP 3/3] Rendering Automated MP4 Short Reel & Cover Image...
✓ Rendered Reel Video: C:\Users\aalok\omniviral-ai\output\daily_batches\2026-09-25\reel_1790336009.mp4
Traceback (most recent call last):
  File "C:\Users\aalok\omniviral-ai\agents\continuous_daemon.py", line 90, in <module>
    daemon.execute_daily_cycle()
  File "C:\Users\aalok\omniviral-ai\agents\continuous_daemon.py", line 68, in execute_daily_cycle
    thumb_path = self.thumbnail_engine.generate_high_ctr_cover(
                 ^^^^^^^^^^^^^^^^^^^^^^^^^^^^^^^^^^^^^^^^^^^^^^
  File "C:\Users\aalok\omniviral-ai\backend\services\thumbnail_engine.py", line 58, in generate_high_ctr_cover
    img.save(out_path, format="JPEG", quality=95)
  File "C:\Users\aalok\AppData\Local\hermes\hermes-agent\venv\Lib\site-packages\PIL\Image.py", line 2583, in save
    fp = builtins.open(filename, "w+b")
         ^^^^^^^^^^^^^^^^^^^^^^^^^^^^^^
FileNotFoundError: [Errno 2] No such file or directory: 'C:\\Users\\aalok\\omniviral-ai\\output\\thumbnails\\2026-09-25\\thumb_1790336009.jpg'
